// Bun Snapshot v1, https://goo.gl/fbAQLP

exports[`Entity Transformation should correctly read GraphQL SDL into intermediate format 1`] = `
{
  "messages": [
    {
      "fields": [
        {
          "name": "id",
          "resolved": false,
          "type": {
            "list": false,
            "name": "ID",
            "required": true,
          },
        },
        {
          "name": "name",
          "resolved": false,
          "type": {
            "list": false,
            "name": "String",
            "required": true,
          },
        },
        {
          "name": "price",
          "resolved": false,
          "type": {
            "list": false,
            "name": "Float",
            "required": true,
          },
        },
      ],
      "name": "Product",
    },
  ],
  "name": "ProductService",
  "rpcs": [],
}
`;

exports[`Entity Transformation should generate correct proto3 ast 1`] = `
{
  "mapping": {
    "entity_mappings": [],
    "operation_mappings": [],
    "service": "ProductService",
    "type_field_mappings": [],
    "version": 1,
  },
  "proto": {
    "messages": [
      {
        "fields": [
          {
            "isOptional": false,
            "isRepeated": false,
            "name": "id",
            "number": 1,
            "type": "string",
          },
          {
            "isOptional": false,
            "isRepeated": false,
            "name": "name",
            "number": 2,
            "type": "string",
          },
          {
            "isOptional": false,
            "isRepeated": false,
            "name": "price",
            "number": 3,
            "type": "float",
          },
        ],
        "name": "Product",
      },
    ],
    "package": "ProductService",
    "services": [
      {
        "name": "ProductService",
        "rpcs": [],
      },
    ],
    "syntax": "proto3",
  },
}
`;

exports[`Entity Transformation should generate correct proto3 schema 1`] = `
"syntax = "proto3";
package ProductService;

service ProductService {
}

message Product {
  string id = 1;
  string name = 2;
  float price = 3;
}"
`;
